
2026-04-10 10:42:01 [info] : OPTIONS /api/v1/auth/login
2026-04-10 10:42:01 [info] : POST /api/v1/auth/login
2026-04-10 10:42:01 [info] : OPTIONS /api/v1/scan/history
2026-04-10 10:42:01 [info] : GET /api/v1/scan/history
2026-04-10 10:42:02 [info] : GET /api/v1/scan/history
2026-04-10 10:42:24 [info] : OPTIONS /api/v1/scan/history
2026-04-10 10:42:24 [info] : GET /api/v1/scan/history
2026-04-10 10:42:28 [info] : GET /api/v1/scan/history
2026-04-10 10:43:15 [info] : OPTIONS /api/v1/scan/analyze
2026-04-10 10:43:15 [info] : POST /api/v1/scan/analyze
2026-04-10 10:43:38 [info] : OPTIONS /api/v1/auth/login
2026-04-10 10:43:38 [info] : POST /api/v1/auth/login
2026-04-10 10:43:43 [info] : OPTIONS /api/v1/auth/login
2026-04-10 10:43:43 [info] : POST /api/v1/auth/login
2026-04-10 10:48:11 [info] : OPTIONS /api/v1/auth/register
2026-04-10 10:48:11 [info] : POST /api/v1/auth/register
2026-04-10 10:48:33 [info] : OPTIONS /api/v1/auth/login
2026-04-10 10:48:33 [info] : POST /api/v1/auth/login
2026-04-10 10:48:33 [info] : OPTIONS /api/v1/scan/history
2026-04-10 10:48:33 [info] : GET /api/v1/scan/history
2026-04-10 10:48:45 [info] : OPTIONS /api/v1/scan/analyze
2026-04-10 10:48:45 [info] : POST /api/v1/scan/analyze
2026-04-10 10:48:47 [info] : 🚀 Selenium WebDriver initialized
2026-04-10 10:48:51 [info] : 🔍 Analyzed https://www.overleaf.com/ - Title: "Overleaf, Online LaTeX Editor", SSL: true, External Scripts: 25, Suspicious Keywords: 0, Password Forms: true, Iframes: 0, Hidden Elements: 0
2026-04-10 10:48:55 [info] : 🔍 Analyzed https://www.overleaf.com/#main-content - Title: "Overleaf, Online LaTeX Editor", SSL: true, External Scripts: 25, Suspicious Keywords: 0, Password Forms: true, Iframes: 0, Hidden Elements: 0
2026-04-10 10:48:59 [info] : 🔍 Analyzed https://www.overleaf.com/about/features-overview - Title: "LaTeX editor features & benefits - Overleaf, Online LaTeX Editor", SSL: true, External Scripts: 23, Suspicious Keywords: 0, Password Forms: false, Iframes: 0, Hidden Elements: 0
2026-04-10 10:49:03 [info] : 🔍 Analyzed https://www.overleaf.com/about/ai-features - Title: "AI features - Overleaf, Online LaTeX Editor", SSL: true, External Scripts: 23, Suspicious Keywords: 0, Password Forms: false, Iframes: 0, Hidden Elements: 0
2026-04-10 10:49:09 [info] : 🔍 Analyzed https://www.overleaf.com/for/enterprises - Title: "LaTeX editor for enterprises - Overleaf, Online LaTeX Editor", SSL: true, External Scripts: 23, Suspicious Keywords: 0, Password Forms: false, Iframes: 0, Hidden Elements: 0
2026-04-10 10:49:13 [info] : 🔍 Analyzed https://www.overleaf.com/for/universities - Title: "LaTeX editor for universities & institutions | Overleaf - Overleaf, Online LaTeX Editor", SSL: true, External Scripts: 21, Suspicious Keywords: 0, Password Forms: false, Iframes: 0, Hidden Elements: 0
2026-04-10 10:49:18 [info] : 🔍 Analyzed https://www.overleaf.com/for/government - Title: "Overleaf for government - Overleaf, Online LaTeX Editor", SSL: true, External Scripts: 23, Suspicious Keywords: 0, Password Forms: false, Iframes: 0, Hidden Elements: 0
2026-04-10 10:49:23 [info] : 🔍 Analyzed https://www.overleaf.com/for/publishers - Title: "Overleaf for Publishers & Journals - Overleaf, Online LaTeX Editor", SSL: true, External Scripts: 23, Suspicious Keywords: 0, Password Forms: false, Iframes: 0, Hidden Elements: 0
2026-04-10 10:49:27 [info] : 🔍 Analyzed https://www.overleaf.com/about/customer-stories - Title: "Customer Stories - Overleaf, Online LaTeX Editor", SSL: true, External Scripts: 21, Suspicious Keywords: 0, Password Forms: false, Iframes: 0, Hidden Elements: 0
2026-04-10 10:49:34 [info] : 🔍 Analyzed https://www.overleaf.com/latex/templates - Title: "Templates - Journals, CVs, Presentations, Reports and More - Overleaf, Online LaTeX Editor", SSL: true, External Scripts: 32, Suspicious Keywords: 0, Password Forms: false, Iframes: 0, Hidden Elements: 0
2026-04-10 10:49:40 [info] : 🔍 Analyzed https://www.overleaf.com/user/subscription/plans - Title: "Plans and Pricing - Overleaf, Online LaTeX Editor", SSL: true, External Scripts: 27, Suspicious Keywords: 0, Password Forms: false, Iframes: 0, Hidden Elements: 0
2026-04-10 10:49:46 [info] : 🔍 Analyzed https://www.overleaf.com/learn - Title: "Learn LaTeX - Overleaf, Online LaTeX Editor", SSL: true, External Scripts: 23, Suspicious Keywords: 0, Password Forms: false, Iframes: 0, Hidden Elements: 0
2026-04-10 10:49:52 [info] : 🔍 Analyzed https://www.overleaf.com/for/community/resources - Title: "Overleaf and LaTeX Resources - Overleaf, Online LaTeX Editor", SSL: true, External Scripts: 23, Suspicious Keywords: 0, Password Forms: false, Iframes: 0, Hidden Elements: 0
2026-04-10 10:49:56 [info] : 🔍 Analyzed https://www.overleaf.com/about/why-latex - Title: "Benefits of using LaTeX editing software | Overleaf - Overleaf, Online LaTeX Editor", SSL: true, External Scripts: 21, Suspicious Keywords: 0, Password Forms: false, Iframes: 0, Hidden Elements: 0
2026-04-10 10:50:01 [info] : 🔍 Analyzed https://www.overleaf.com/blog - Title: "Blog - Overleaf, Online LaTeX Editor", SSL: true, External Scripts: 25, Suspicious Keywords: 0, Password Forms: false, Iframes: 0, Hidden Elements: 0
2026-04-10 10:50:07 [info] : 🔍 Analyzed https://www.overleaf.com/register - Title: "Register - Overleaf, Online LaTeX Editor", SSL: true, External Scripts: 23, Suspicious Keywords: 0, Password Forms: true, Iframes: 0, Hidden Elements: 0
2026-04-10 10:50:11 [info] : 🔍 Analyzed https://www.overleaf.com/login - Title: "Log in to Overleaf - Overleaf, Online LaTeX Editor", SSL: true, External Scripts: 23, Suspicious Keywords: 0, Password Forms: true, Iframes: 0, Hidden Elements: 0
2026-04-10 10:50:16 [info] : 🔍 Analyzed https://accounts.google.com/v3/signin/identifier?opparams=%253F&dsh=S1209510734%3A1775798412199929&client_id=47304055603.apps.googleusercontent.com&o2v=2&redirect_uri=https%3A%2F%2Fwww.overleaf.com%2Fusers%2Fauth%2Fgoogle_oauth2%2Fcallback&response_type=code&scope=email+profile&service=lso&state=Ne1sQgC3qpDf3NTL3PKU7vyL&flowName=GeneralOAuthFlow&continue=https%3A%2F%2Faccounts.google.com%2Fsignin%2Foauth%2Fconsent%3Fauthuser%3Dunknown%26part%3DAJi8hAO02l8Jayetx2B0GEsfUxzPb_OShRX0BGrJEEDBCpIffcth4jW4vp-PrA6u6OQWYazgHLEA2lxVsFd3iBqcFIiSksvGCEKJFeV6J-6iAXua_66sJDhhHdTYcuRoeHYeIgLbZuaBEUFRghOxeloG1Eunh_1Lrtmi-mWVyG_N4cy7qXzTEb8Eyphsx_pmil0yBSnvKHS8-r9lO7lU-2v92AAaTWv0dPJOlyiNiQ1Kv4VQItMAKuYhA2hgd415nb9HmYDwa9t2NPLl3FoJi_BajLyXMr8SeBNAeLbTz5VYNM9x_7xLsbNy8k90lWJpOd7ci0-4cmpjr0AnJYoHW2UiEICtYDWdUGI-H-UtiOHxb8L1sgp0usuOXU4MytRbS9USb3n7Lh6FE4kDPoJXbGlaKQW636qEt9a6hmiIqvqGU41037DMwaY%26flowName%3DGeneralOAuthFlow%26as%3DS1209510734%253A1775798412199929%26client_id%3D47304055603.apps.googleusercontent.com%26requestPath%3D%252Fsignin%252Foauth%252Fconsent%23&app_domain=https%3A%2F%2Fwww.overleaf.com&rart=ANgoxcd1cbfhyGLcY9dhWV-4NMFl1NuTV-GT0zkYQzu0EC6WNR1E-CE5p9Ml4_IYSIqvYC8llE3eSt78er4WaLPUIipTe2_c6glJ2UEPTkVG11OshnIh5yE - Title: "Sign in - Google Accounts", SSL: true, External Scripts: 1, Suspicious Keywords: 2, Password Forms: true, Iframes: 2, Hidden Elements: 0
2026-04-10 10:50:23 [info] : 🔍 Analyzed https://orcid.org/signin?response_type=code&redirect_uri=https:%2F%2Fwww.overleaf.com%2Fusers%2Fauth%2Forcid%2Fcallback&scope=%2Fauthenticate&state=9a7TT9PPXHXTdb6nGugcXxYG&client_id=APP-7LF990G7W35DXRZT - Title: "Sign in - ORCID", SSL: true, External Scripts: 11, Suspicious Keywords: 0, Password Forms: true, Iframes: 3, Hidden Elements: 0
2026-04-10 10:50:27 [info] : 🔍 Analyzed https://www.overleaf.com/legal#Terms - Title: "Privacy and Terms - Overleaf, Online LaTeX Editor", SSL: true, External Scripts: 23, Suspicious Keywords: 0, Password Forms: false, Iframes: 0, Hidden Elements: 0
2026-04-10 10:50:31 [info] : 🔍 Analyzed https://www.overleaf.com/legal#Privacy - Title: "Privacy and Terms - Overleaf, Online LaTeX Editor", SSL: true, External Scripts: 23, Suspicious Keywords: 0, Password Forms: false, Iframes: 0, Hidden Elements: 0
2026-04-10 10:50:34 [info] : 🔍 Analyzed https://www.overleaf.com/about/customer-story/vialab - Title: "Customer Stories: Vialab | Overleaf - Overleaf, Online LaTeX Editor", SSL: true, External Scripts: 21, Suspicious Keywords: 0, Password Forms: false, Iframes: 0, Hidden Elements: 0
2026-04-10 10:50:39 [info] : 🔍 Analyzed https://www.overleaf.com/latex/templates/example-project/qzykddzqhkwk - Title: "Example Project - Overleaf, Online LaTeX Editor", SSL: true, External Scripts: 34, Suspicious Keywords: 0, Password Forms: false, Iframes: 0, Hidden Elements: 0
2026-04-10 10:50:46 [info] : 🔍 Analyzed https://www.overleaf.com/latex/templates/tagged/academic-journal - Title: "Templates - Journals, CVs, Presentations, Reports and More - Overleaf, Online LaTeX Editor", SSL: true, External Scripts: 32, Suspicious Keywords: 0, Password Forms: false, Iframes: 0, Hidden Elements: 0
2026-04-10 10:50:55 [info] : 🔍 Analyzed https://www.overleaf.com/latex/templates/tagged/report - Title: "Templates - Journals, CVs, Presentations, Reports and More - Overleaf, Online LaTeX Editor", SSL: true, External Scripts: 32, Suspicious Keywords: 0, Password Forms: false, Iframes: 0, Hidden Elements: 0
2026-04-10 10:51:02 [info] : ✅ Completed crawl. Visited 25 pages starting from https://www.overleaf.com/
2026-04-10 10:51:40 [info] : OPTIONS /api/v1/scan/history
2026-04-10 10:51:40 [info] : GET /api/v1/scan/history
2026-04-10 10:51:43 [info] : OPTIONS /api/v1/qr/mine
2026-04-10 10:51:43 [info] : GET /api/v1/qr/mine
2026-04-10 10:51:49 [info] : OPTIONS /api/v1/qr/generate
2026-04-10 10:51:49 [info] : POST /api/v1/qr/generate
2026-04-10 10:51:55 [info] : OPTIONS /api/v1/scan/history
2026-04-10 10:51:55 [info] : GET /api/v1/scan/history
2026-04-10 10:57:43 [info] : OPTIONS /api/v1/scan/history
2026-04-10 10:57:43 [info] : GET /api/v1/scan/history
2026-04-10 10:58:16 [info] : OPTIONS /api/v1/auth/login
2026-04-10 10:58:16 [info] : POST /api/v1/auth/login
2026-04-10 10:58:17 [info] : OPTIONS /api/v1/scan/history
2026-04-10 10:58:17 [info] : GET /api/v1/scan/history
2026-04-10 11:00:13 [info] : OPTIONS /api/v1/scan/history
2026-04-10 11:00:13 [info] : GET /api/v1/scan/history
2026-04-10 11:00:16 [info] : GET /api/v1/scan/history
2026-04-10 11:00:20 [info] : OPTIONS /api/v1/scan/history
2026-04-10 11:00:20 [info] : GET /api/v1/scan/history
2026-04-10 11:00:22 [info] : GET /api/v1/scan/history
2026-04-10 11:01:24 [info] : OPTIONS /api/v1/scan/analyze
2026-04-10 11:01:24 [info] : POST /api/v1/scan/analyze
2026-04-10 11:01:25 [info] : 🚀 Selenium WebDriver initialized
2026-04-10 11:01:29 [info] : 🔍 Analyzed https://www.overleaf.com/ - Title: "Overleaf, Online LaTeX Editor", SSL: true, External Scripts: 25, Suspicious Keywords: 0, Password Forms: true, Iframes: 0, Hidden Elements: 0
2026-04-10 11:01:32 [info] : 🔍 Analyzed https://www.overleaf.com/#main-content - Title: "Overleaf, Online LaTeX Editor", SSL: true, External Scripts: 25, Suspicious Keywords: 0, Password Forms: true, Iframes: 0, Hidden Elements: 0
2026-04-10 11:01:36 [info] : 🔍 Analyzed https://www.overleaf.com/about/features-overview - Title: "LaTeX editor features & benefits - Overleaf, Online LaTeX Editor", SSL: true, External Scripts: 23, Suspicious Keywords: 0, Password Forms: false, Iframes: 0, Hidden Elements: 0
2026-04-10 11:01:41 [info] : 🔍 Analyzed https://www.overleaf.com/about/ai-features - Title: "AI features - Overleaf, Online LaTeX Editor", SSL: true, External Scripts: 23, Suspicious Keywords: 0, Password Forms: false, Iframes: 0, Hidden Elements: 0
2026-04-10 11:01:46 [info] : 🔍 Analyzed https://www.overleaf.com/for/enterprises - Title: "LaTeX editor for enterprises - Overleaf, Online LaTeX Editor", SSL: true, External Scripts: 23, Suspicious Keywords: 0, Password Forms: false, Iframes: 0, Hidden Elements: 0
2026-04-10 11:01:51 [info] : 🔍 Analyzed https://www.overleaf.com/for/universities - Title: "LaTeX editor for universities & institutions | Overleaf - Overleaf, Online LaTeX Editor", SSL: true, External Scripts: 21, Suspicious Keywords: 0, Password Forms: false, Iframes: 0, Hidden Elements: 0
2026-04-10 11:01:55 [info] : 🔍 Analyzed https://www.overleaf.com/for/government - Title: "Overleaf for government - Overleaf, Online LaTeX Editor", SSL: true, External Scripts: 23, Suspicious Keywords: 0, Password Forms: false, Iframes: 0, Hidden Elements: 0
2026-04-10 11:02:00 [info] : 🔍 Analyzed https://www.overleaf.com/for/publishers - Title: "Overleaf for Publishers & Journals - Overleaf, Online LaTeX Editor", SSL: true, External Scripts: 23, Suspicious Keywords: 0, Password Forms: false, Iframes: 0, Hidden Elements: 0
2026-04-10 11:02:04 [info] : 🔍 Analyzed https://www.overleaf.com/about/customer-stories - Title: "Customer Stories - Overleaf, Online LaTeX Editor", SSL: true, External Scripts: 21, Suspicious Keywords: 0, Password Forms: false, Iframes: 0, Hidden Elements: 0
2026-04-10 11:02:10 [info] : 🔍 Analyzed https://www.overleaf.com/latex/templates - Title: "Templates - Journals, CVs, Presentations, Reports and More - Overleaf, Online LaTeX Editor", SSL: true, External Scripts: 32, Suspicious Keywords: 0, Password Forms: false, Iframes: 0, Hidden Elements: 0
2026-04-10 11:02:16 [info] : 🔍 Analyzed https://www.overleaf.com/user/subscription/plans - Title: "Plans and Pricing - Overleaf, Online LaTeX Editor", SSL: true, External Scripts: 27, Suspicious Keywords: 0, Password Forms: false, Iframes: 0, Hidden Elements: 0
2026-04-10 11:02:22 [info] : 🔍 Analyzed https://www.overleaf.com/learn - Title: "Learn LaTeX - Overleaf, Online LaTeX Editor", SSL: true, External Scripts: 23, Suspicious Keywords: 0, Password Forms: false, Iframes: 0, Hidden Elements: 0
2026-04-10 11:02:27 [info] : 🔍 Analyzed https://www.overleaf.com/for/community/resources - Title: "Overleaf and LaTeX Resources - Overleaf, Online LaTeX Editor", SSL: true, External Scripts: 23, Suspicious Keywords: 0, Password Forms: false, Iframes: 0, Hidden Elements: 0
2026-04-10 11:02:32 [info] : 🔍 Analyzed https://www.overleaf.com/about/why-latex - Title: "Benefits of using LaTeX editing software | Overleaf - Overleaf, Online LaTeX Editor", SSL: true, External Scripts: 21, Suspicious Keywords: 0, Password Forms: false, Iframes: 0, Hidden Elements: 0
2026-04-10 11:02:36 [info] : 🔍 Analyzed https://www.overleaf.com/blog - Title: "Blog - Overleaf, Online LaTeX Editor", SSL: true, External Scripts: 25, Suspicious Keywords: 0, Password Forms: false, Iframes: 0, Hidden Elements: 0
2026-04-10 11:02:41 [info] : 🔍 Analyzed https://www.overleaf.com/register - Title: "Register - Overleaf, Online LaTeX Editor", SSL: true, External Scripts: 23, Suspicious Keywords: 0, Password Forms: true, Iframes: 0, Hidden Elements: 0
2026-04-10 11:02:45 [info] : 🔍 Analyzed https://www.overleaf.com/login - Title: "Log in to Overleaf - Overleaf, Online LaTeX Editor", SSL: true, External Scripts: 23, Suspicious Keywords: 0, Password Forms: true, Iframes: 0, Hidden Elements: 0
2026-04-10 11:02:50 [info] : 🔍 Analyzed https://accounts.google.com/v3/signin/identifier?opparams=%253F&dsh=S1796074816%3A1775799166238321&client_id=47304055603.apps.googleusercontent.com&o2v=2&redirect_uri=https%3A%2F%2Fwww.overleaf.com%2Fusers%2Fauth%2Fgoogle_oauth2%2Fcallback&response_type=code&scope=email+profile&service=lso&state=kIAmZidgikd2AQs4b0adqyyP&flowName=GeneralOAuthFlow&continue=https%3A%2F%2Faccounts.google.com%2Fsignin%2Foauth%2Fconsent%3Fauthuser%3Dunknown%26part%3DAJi8hANNcHi8T_PGUZ6SEKqBqTK-ce2P2OdJMaoc5tRxNEphewtTUnpIUPOK2wZnNmyVf7peg4zAtGA-PbC5YQWDwZoK_4ISBacmdhf8t61rFndMRbD4szGwAr9RWE9cugOHcUBEc4n0Ya1Yq1ENIoEp9P24qGEOrGfOpz9WW4pVulfdA8vkmQC1cxTw6D2C-1Edta7i3G_P3ioH59dXf9FKBwQw5PfbqCcho0lxsId9vFQ9IpG0p56cdK6M-1Bil4ITVwA4VWDVKaBYx8LpnM8J3L0GYpZ41A8bKxV8En80dNvCRqKUjKOz0NXozvfzU3QFtVws1BVv7-BUnaGZv4aJc9t_cenxs4syo9Imgkt5R-hDXnesViLeLItYlrGlcbaHoeQ4rCJHedJVYmqp1w2SFvaNod0X7n3LKFgWwdwGAm1HXLYECss%26flowName%3DGeneralOAuthFlow%26as%3DS1796074816%253A1775799166238321%26client_id%3D47304055603.apps.googleusercontent.com%26requestPath%3D%252Fsignin%252Foauth%252Fconsent%23&app_domain=https%3A%2F%2Fwww.overleaf.com&rart=ANgoxcdyMnb6wieIj1pDMYDN_mWdTzXHjohiGUpqrQEYCfS5Ap1ByQXmADnz7GhSd5zTZsi3Pmp9y63Y2h6OQNXwmmQ6qmVBmdybuzdnrmTfi0v8Nq_xrBk - Title: "Sign in - Google Accounts", SSL: true, External Scripts: 1, Suspicious Keywords: 2, Password Forms: true, Iframes: 2, Hidden Elements: 0
2026-04-10 11:02:55 [info] : 🔍 Analyzed https://orcid.org/signin?response_type=code&redirect_uri=https:%2F%2Fwww.overleaf.com%2Fusers%2Fauth%2Forcid%2Fcallback&scope=%2Fauthenticate&state=HeBTvAynfCRuQaeA4pZP6JzW&client_id=APP-7LF990G7W35DXRZT - Title: "Sign in - ORCID", SSL: true, External Scripts: 11, Suspicious Keywords: 0, Password Forms: true, Iframes: 3, Hidden Elements: 0
2026-04-10 11:03:00 [info] : 🔍 Analyzed https://www.overleaf.com/legal#Terms - Title: "Privacy and Terms - Overleaf, Online LaTeX Editor", SSL: true, External Scripts: 23, Suspicious Keywords: 0, Password Forms: false, Iframes: 0, Hidden Elements: 0
2026-04-10 11:03:03 [info] : 🔍 Analyzed https://www.overleaf.com/legal#Privacy - Title: "Privacy and Terms - Overleaf, Online LaTeX Editor", SSL: true, External Scripts: 23, Suspicious Keywords: 0, Password Forms: false, Iframes: 0, Hidden Elements: 0
2026-04-10 11:03:06 [info] : 🔍 Analyzed https://www.overleaf.com/about/customer-story/vialab - Title: "Customer Stories: Vialab | Overleaf - Overleaf, Online LaTeX Editor", SSL: true, External Scripts: 21, Suspicious Keywords: 0, Password Forms: false, Iframes: 0, Hidden Elements: 0
2026-04-10 11:03:11 [info] : 🔍 Analyzed https://www.overleaf.com/latex/templates/example-project/qzykddzqhkwk - Title: "Example Project - Overleaf, Online LaTeX Editor", SSL: true, External Scripts: 34, Suspicious Keywords: 0, Password Forms: false, Iframes: 0, Hidden Elements: 0
2026-04-10 11:03:17 [info] : 🔍 Analyzed https://www.overleaf.com/latex/templates/tagged/academic-journal - Title: "Templates - Journals, CVs, Presentations, Reports and More - Overleaf, Online LaTeX Editor", SSL: true, External Scripts: 32, Suspicious Keywords: 0, Password Forms: false, Iframes: 0, Hidden Elements: 0
2026-04-10 11:03:25 [info] : 🔍 Analyzed https://www.overleaf.com/latex/templates/tagged/report - Title: "Templates - Journals, CVs, Presentations, Reports and More - Overleaf, Online LaTeX Editor", SSL: true, External Scripts: 32, Suspicious Keywords: 0, Password Forms: false, Iframes: 0, Hidden Elements: 0
2026-04-10 11:03:31 [info] : ✅ Completed crawl. Visited 25 pages starting from https://www.overleaf.com/
2026-04-10 11:09:18 [info] : OPTIONS /api/v1/scan/history
2026-04-10 11:09:18 [info] : GET /api/v1/scan/history
2026-04-10 11:10:08 [info] : OPTIONS /api/v1/scan/analyze
2026-04-10 11:10:08 [info] : POST /api/v1/scan/analyze
2026-04-10 11:10:11 [info] : 🚀 Selenium WebDriver initialized
2026-04-10 11:10:14 [info] : 🔍 Analyzed https://www.overleaf.com/ - Title: "Overleaf, Online LaTeX Editor", SSL: true, External Scripts: 25, Suspicious Keywords: 0, Password Forms: true, Iframes: 0, Hidden Elements: 0
2026-04-10 11:10:18 [info] : 🔍 Analyzed https://www.overleaf.com/#main-content - Title: "Overleaf, Online LaTeX Editor", SSL: true, External Scripts: 25, Suspicious Keywords: 0, Password Forms: true, Iframes: 0, Hidden Elements: 0
2026-04-10 11:10:22 [info] : 🔍 Analyzed https://www.overleaf.com/about/features-overview - Title: "LaTeX editor features & benefits - Overleaf, Online LaTeX Editor", SSL: true, External Scripts: 23, Suspicious Keywords: 0, Password Forms: false, Iframes: 0, Hidden Elements: 0
2026-04-10 11:10:26 [info] : 🔍 Analyzed https://www.overleaf.com/about/ai-features - Title: "AI features - Overleaf, Online LaTeX Editor", SSL: true, External Scripts: 23, Suspicious Keywords: 0, Password Forms: false, Iframes: 0, Hidden Elements: 0
2026-04-10 11:10:32 [info] : 🔍 Analyzed https://www.overleaf.com/for/enterprises - Title: "LaTeX editor for enterprises - Overleaf, Online LaTeX Editor", SSL: true, External Scripts: 23, Suspicious Keywords: 0, Password Forms: false, Iframes: 0, Hidden Elements: 0
2026-04-10 11:10:36 [info] : 🔍 Analyzed https://www.overleaf.com/for/universities - Title: "LaTeX editor for universities & institutions | Overleaf - Overleaf, Online LaTeX Editor", SSL: true, External Scripts: 21, Suspicious Keywords: 0, Password Forms: false, Iframes: 0, Hidden Elements: 0
2026-04-10 11:10:41 [info] : 🔍 Analyzed https://www.overleaf.com/for/government - Title: "Overleaf for government - Overleaf, Online LaTeX Editor", SSL: true, External Scripts: 23, Suspicious Keywords: 0, Password Forms: false, Iframes: 0, Hidden Elements: 0
2026-04-10 11:10:46 [info] : 🔍 Analyzed https://www.overleaf.com/for/publishers - Title: "Overleaf for Publishers & Journals - Overleaf, Online LaTeX Editor", SSL: true, External Scripts: 23, Suspicious Keywords: 0, Password Forms: false, Iframes: 0, Hidden Elements: 0
2026-04-10 11:10:50 [info] : 🔍 Analyzed https://www.overleaf.com/about/customer-stories - Title: "Customer Stories - Overleaf, Online LaTeX Editor", SSL: true, External Scripts: 21, Suspicious Keywords: 0, Password Forms: false, Iframes: 0, Hidden Elements: 0
2026-04-10 11:10:56 [info] : 🔍 Analyzed https://www.overleaf.com/latex/templates - Title: "Templates - Journals, CVs, Presentations, Reports and More - Overleaf, Online LaTeX Editor", SSL: true, External Scripts: 32, Suspicious Keywords: 0, Password Forms: false, Iframes: 0, Hidden Elements: 0
2026-04-10 11:11:02 [info] : 🔍 Analyzed https://www.overleaf.com/user/subscription/plans - Title: "Plans and Pricing - Overleaf, Online LaTeX Editor", SSL: true, External Scripts: 27, Suspicious Keywords: 0, Password Forms: false, Iframes: 0, Hidden Elements: 0
2026-04-10 11:11:09 [info] : 🔍 Analyzed https://www.overleaf.com/learn - Title: "Learn LaTeX - Overleaf, Online LaTeX Editor", SSL: true, External Scripts: 23, Suspicious Keywords: 0, Password Forms: false, Iframes: 0, Hidden Elements: 0
2026-04-10 11:11:15 [info] : 🔍 Analyzed https://www.overleaf.com/for/community/resources - Title: "Overleaf and LaTeX Resources - Overleaf, Online LaTeX Editor", SSL: true, External Scripts: 23, Suspicious Keywords: 0, Password Forms: false, Iframes: 0, Hidden Elements: 0
2026-04-10 11:11:19 [info] : 🔍 Analyzed https://www.overleaf.com/about/why-latex - Title: "Benefits of using LaTeX editing software | Overleaf - Overleaf, Online LaTeX Editor", SSL: true, External Scripts: 21, Suspicious Keywords: 0, Password Forms: false, Iframes: 0, Hidden Elements: 0
2026-04-10 11:11:24 [info] : 🔍 Analyzed https://www.overleaf.com/blog - Title: "Blog - Overleaf, Online LaTeX Editor", SSL: true, External Scripts: 25, Suspicious Keywords: 0, Password Forms: false, Iframes: 0, Hidden Elements: 0
2026-04-10 11:11:29 [info] : 🔍 Analyzed https://www.overleaf.com/register - Title: "Register - Overleaf, Online LaTeX Editor", SSL: true, External Scripts: 23, Suspicious Keywords: 0, Password Forms: true, Iframes: 0, Hidden Elements: 0
2026-04-10 11:11:32 [info] : 🔍 Analyzed https://www.overleaf.com/login - Title: "Log in to Overleaf - Overleaf, Online LaTeX Editor", SSL: true, External Scripts: 23, Suspicious Keywords: 0, Password Forms: true, Iframes: 0, Hidden Elements: 0
2026-04-10 11:11:38 [info] : 🔍 Analyzed https://accounts.google.com/v3/signin/identifier?opparams=%253F&dsh=S539519255%3A1775799693794606&client_id=47304055603.apps.googleusercontent.com&o2v=2&redirect_uri=https%3A%2F%2Fwww.overleaf.com%2Fusers%2Fauth%2Fgoogle_oauth2%2Fcallback&response_type=code&scope=email+profile&service=lso&state=7uP53T5ESKrPDPTuCkKS5lWn&flowName=GeneralOAuthFlow&continue=https%3A%2F%2Faccounts.google.com%2Fsignin%2Foauth%2Fconsent%3Fauthuser%3Dunknown%26part%3DAJi8hANCNg1FbstohQNqpGQuMGIJ8-TCdHdXIHv_mhxral5I8b5qP2fCBzph8aEClXrlz7jfZjAL8aCh9FsVv2-SWfk38IHZEF86uhLYvBLCMVYQ_p5cxGLZEeDQaYESwc66R0TQXnU5rmncdTyo-mRM6ki8j2fFRLXgSbdzhAsBCB6yxqEIQzzsrrMw7rjee6_4zstaGROQSWL_Pnu9xLU-PRmpBnPCRV2MJBsp7vGiqNePwyFa7G5YbDsRPgAuBma0pO6BcG-j1rZvlLaCVzxe66HEJHeqm4LIl4SzbrqUfvj62ujR7WQHH69TjMmoniW81CUmUgtSUX4pWwu27ZXYWVqCY7fQYiyJvOOqdBLLhSBCLXRbk-Lxp0HABNdm_bxf8TLKiBxN6HAb7TOVUPGyWSAyJtvoLmELqolv_Ck8LHam-W8joDs%26flowName%3DGeneralOAuthFlow%26as%3DS539519255%253A1775799693794606%26client_id%3D47304055603.apps.googleusercontent.com%26requestPath%3D%252Fsignin%252Foauth%252Fconsent%23&app_domain=https%3A%2F%2Fwww.overleaf.com&rart=ANgoxcevu9wuQaTUgvOwlsQ3n_3by6Vp5JESabd6mfuZ_R0TtP-l5RNbIIUi6O4L1HgOi_QSpMMsOmxWtfdYR8fls8IaJh4hK_S1djdo2NWy1OyjnNWLv4I - Title: "Sign in - Google Accounts", SSL: true, External Scripts: 1, Suspicious Keywords: 2, Password Forms: true, Iframes: 2, Hidden Elements: 0
2026-04-10 11:11:43 [info] : 🔍 Analyzed https://orcid.org/signin?response_type=code&redirect_uri=https:%2F%2Fwww.overleaf.com%2Fusers%2Fauth%2Forcid%2Fcallback&scope=%2Fauthenticate&state=grqXWrlgq8I8kE3FIV179MtQ&client_id=APP-7LF990G7W35DXRZT - Title: "Sign in - ORCID", SSL: true, External Scripts: 11, Suspicious Keywords: 0, Password Forms: true, Iframes: 3, Hidden Elements: 0
2026-04-10 11:11:48 [info] : 🔍 Analyzed https://www.overleaf.com/legal#Terms - Title: "Privacy and Terms - Overleaf, Online LaTeX Editor", SSL: true, External Scripts: 23, Suspicious Keywords: 0, Password Forms: false, Iframes: 0, Hidden Elements: 0
2026-04-10 11:11:51 [info] : 🔍 Analyzed https://www.overleaf.com/legal#Privacy - Title: "Privacy and Terms - Overleaf, Online LaTeX Editor", SSL: true, External Scripts: 23, Suspicious Keywords: 0, Password Forms: false, Iframes: 0, Hidden Elements: 0
2026-04-10 11:11:54 [info] : 🔍 Analyzed https://www.overleaf.com/about/customer-story/vialab - Title: "Customer Stories: Vialab | Overleaf - Overleaf, Online LaTeX Editor", SSL: true, External Scripts: 21, Suspicious Keywords: 0, Password Forms: false, Iframes: 0, Hidden Elements: 0
2026-04-10 11:12:00 [info] : 🔍 Analyzed https://www.overleaf.com/latex/templates/example-project/qzykddzqhkwk - Title: "Example Project - Overleaf, Online LaTeX Editor", SSL: true, External Scripts: 34, Suspicious Keywords: 0, Password Forms: false, Iframes: 0, Hidden Elements: 0
2026-04-10 11:12:05 [info] : 🔍 Analyzed https://www.overleaf.com/latex/templates/tagged/academic-journal - Title: "Templates - Journals, CVs, Presentations, Reports and More - Overleaf, Online LaTeX Editor", SSL: true, External Scripts: 32, Suspicious Keywords: 0, Password Forms: false, Iframes: 0, Hidden Elements: 0
2026-04-10 11:12:14 [info] : 🔍 Analyzed https://www.overleaf.com/latex/templates/tagged/report - Title: "Templates - Journals, CVs, Presentations, Reports and More - Overleaf, Online LaTeX Editor", SSL: true, External Scripts: 32, Suspicious Keywords: 0, Password Forms: false, Iframes: 0, Hidden Elements: 0
2026-04-10 11:12:21 [info] : ✅ Completed crawl. Visited 25 pages starting from https://www.overleaf.com/
